RUN    Albánie
OK     Albánie identity=validated extract=pypdf A10=True rates=5.0|15.0
RUN    Andorra
OK     Andorra identity=validated extract=ocr A10=True rates=5.0|10.0
RUN    Arménie
OK     Arménie identity=validated extract=pypdf A10=True rates=
RUN    Austrálie
OK     Austrálie identity=validated extract=pypdf A10=True rates=15.0|15.0
RUN    Bahrajn
OK     Bahrajn identity=validated extract=ocr A10=True rates=
RUN    Bangladéš
OK     Bangladéš identity=validated extract=ocr A10=True rates=10.0|15.0
RUN    Barbados
OK     Barbados identity=validated extract=pypdf A10=True rates=5.0|15.0|5.0
RUN    Belgie
OK     Belgie identity=validated extract=pdftotext A10=True rates=5.0|15.0
RUN    Bosna a Hercegovina
OK     Bosna a Hercegovina identity=validated extract=pypdf A10=True rates=
RUN    Botswana
OK     Botswana identity=validated extract=ocr A10=False rates=
RUN    Brazílie
OK     Brazílie identity=validated extract=pypdf A10=True rates=15.0
RUN    Bulharsko
OK     Bulharsko identity=validated extract=pypdf A10=True rates=10.0
RUN    Bělorusko
OK     Bělorusko identity=validated extract=pypdf A10=True rates=10.0
RUN    Chile
OK     Chile identity=validated extract=ocr A10=True rates=
RUN    Chorvatsko
OK     Chorvatsko identity=validated extract=pdftotext A10=True rates=5.0
RUN    Dánsko
OK     Dánsko identity=validated extract=ocr A10=True rates=0.0|15.0
RUN    Egypt
OK     Egypt identity=validated extract=pypdf A10=True rates=5.0|15.0
RUN    Estonsko
OK     Estonsko identity=validated extract=pypdf A10=True rates=
RUN    Etiopie
OK     Etiopie identity=validated extract=pypdf A10=True rates=
RUN    Filipíny
OK     Filipíny identity=validated extract=pdftotext A10=True rates=10.0|15.0|10.0
RUN    Finsko
OK     Finsko identity=validated extract=pypdf A10=True rates=
RUN    Francie
OK     Francie identity=validated extract=pdftotext A10=True rates=0.0|10.0
RUN    Ghana
OK     Ghana identity=validated extract=ocr A10=True rates=
RUN    Gruzie
OK     Gruzie identity=validated extract=pdftotext A10=True rates=5.0|10.0
RUN    Hongkong
OK     Hongkong identity=validated extract=ocr A10=True rates=
RUN    Indie
OK     Indie identity=validated extract=pypdf A10=True rates=10.0
RUN    Indonésie
OK     Indonésie identity=validated extract=pypdf A10=True rates=10.0|15.0|12.5
RUN    Irsko
OK     Irsko identity=validated extract=pypdf A10=True rates=
RUN    Island
OK     Island identity=validated extract=pdftotext A10=True rates=5.0|15.0
RUN    Itálie
OK     Itálie identity=validated extract=ocr A10=True rates=
RUN    Izrael
OK     Izrael identity=validated extract=pypdf A10=True rates=5.0|15.0
RUN    JAR (Jihoafrická republika)
OK     JAR (Jihoafrická republika) identity=validated extract=pypdf A10=True rates=5.0|15.0
RUN    Japonsko
OK     Japonsko identity=validated extract=ocr A10=True rates=
RUN    Jordánsko
OK     Jordánsko identity=validated extract=ocr A10=True rates=
RUN    KLDR (Korejská lidově demokratická republika)
OK     KLDR (Korejská lidově demokratická republika) identity=validated extract=pdftotext A10=True rates=10.0
RUN    Kamerun
FAILED Kamerun identity=rejected extract= A10= rates=
RUN    Kanada
OK     Kanada identity=validated extract=pdftotext A10=True rates=5.0|15.0
RUN    Katar
OK     Katar identity=validated extract=ocr A10=True rates=5.0|10.0
RUN    Kazachstán
OK     Kazachstán identity=validated extract=pypdf A10=True rates=
RUN    Kolumbie
OK     Kolumbie identity=validated extract=ocr A10=True rates=5.0|15.0|25.0
RUN    Korejská republika
OK     Korejská republika identity=validated extract=ocr A10=True rates=
RUN    Kosovo
OK     Kosovo identity=validated extract=ocr A10=True rates=5.0|15.0
RUN    Kuvajt
OK     Kuvajt identity=validated extract=pdftotext A10=True rates=5.0
RUN    Kypr
OK     Kypr identity=validated extract=pypdf A10=True rates=
RUN    Kyrgyzstán
OK     Kyrgyzstán identity=validated extract=ocr A10=False rates=
RUN    Libanon
OK     Libanon identity=validated extract=pdftotext A10=True rates=5.0
RUN    Lichtenštejnsko
OK     Lichtenštejnsko identity=validated extract=ocr A10=True rates=15.0
RUN    Litva
OK     Litva identity=validated extract=pypdf A10=True rates=
RUN    Lotyšsko
OK     Lotyšsko identity=validated extract=pypdf A10=True rates=
RUN    Lucembursko
OK     Lucembursko identity=validated extract=ocr A10=True rates=0.0|10.0
RUN    Makedonie
OK     Makedonie identity=validated extract=pdftotext A10=True rates=
RUN    Malajsie
OK     Malajsie identity=validated extract=pypdf A10=True rates=10.0
RUN    Malta
OK     Malta identity=validated extract=pypdf A10=True rates=
RUN    Maroko
OK     Maroko identity=validated extract=pdftotext A10=True rates=10.0|5.0
RUN    Maďarsko
FAILED Maďarsko identity=rejected extract= A10= rates=
RUN    Mexiko
OK     Mexiko identity=validated extract=pdftotext A10=True rates=10.0
RUN    Moldávie
OK     Moldávie identity=validated extract=pdftotext A10=True rates=5.0|15.0
RUN    Mongolsko
OK     Mongolsko identity=validated extract=pypdf A10=True rates=
RUN    Nigérie
OK     Nigérie identity=validated extract=pypdf A10=True rates=15.0
RUN    Nizozemí
OK     Nizozemí identity=validated extract=ocr A10=True rates=10.0
RUN    Norsko
OK     Norsko identity=validated extract=pdftotext A10=True rates=
RUN    Nový Zéland
OK     Nový Zéland identity=validated extract=pypdf A10=True rates=
RUN    Německo
OK     Německo identity=validated extract=ocr A10=True rates=5.0|15.0|20.0
RUN    Panama
OK     Panama identity=validated extract=ocr A10=True rates=5.0
RUN    Polsko
OK     Polsko identity=validated extract=ocr A10=True rates=
RUN    Portugalsko
OK     Portugalsko identity=validated extract=pypdf A10=True rates=10.0
RUN    Pákistán
OK     Pákistán identity=validated extract=ocr A10=True rates=5.0|15.0
RUN    Rakousko
OK     Rakousko identity=validated extract=pdftotext A10=True rates=10.0|0.0
RUN    Rumunsko
OK     Rumunsko identity=validated extract=pypdf A10=True rates=
RUN    Rusko
OK     Rusko identity=validated extract=pypdf A10=True rates=10.0
RUN    Rwanda
FAILED Rwanda identity=rejected extract= A10= rates=
RUN    San Marino
OK     San Marino identity=validated extract=ocr A10=True rates=10.0
RUN    Saúdská Arábie
OK     Saúdská Arábie identity=validated extract=ocr A10=True rates=
RUN    Senegal
OK     Senegal identity=validated extract=ocr A10=True rates=5.0|10.0
RUN    Singapur
OK     Singapur identity=validated extract=pypdf A10=True rates=5.0
RUN    Slovensko
OK     Slovensko identity=validated extract=pdftotext A10=True rates=5.0|15.0
RUN    Slovinsko
OK     Slovinsko identity=validated extract=pypdf A10=True rates=5.0|15.0
RUN    Spojené arabské emiráty
FAILED Spojené arabské emiráty identity=rejected extract= A10= rates=
RUN    Srbsko
OK     Srbsko identity=validated extract=pdftotext A10=True rates=10.0
RUN    Srí Lanka
FAILED Srí Lanka identity=rejected extract= A10= rates=
RUN    Sýrie
OK     Sýrie identity=validated extract=pypdf A10=True rates=
RUN    Thajsko
OK     Thajsko identity=validated extract=pypdf A10=True rates=
RUN    Tunisko
OK     Tunisko identity=validated extract=pypdf A10=True rates=
RUN    Turecko
OK     Turecko identity=validated extract=pdftotext A10=True rates=10.0
RUN    Turkmenistán
OK     Turkmenistán identity=validated extract=ocr A10=True rates=
RUN    Tádžikistán
FAILED Tádžikistán identity=rejected extract= A10= rates=
RUN    USA (Spojené státy americké)
OK     USA (Spojené státy americké) identity=validated extract=pypdf A10=True rates=5.0|15.0
RUN    Ukrajina
OK     Ukrajina identity=validated extract=pypdf A10=True rates=
RUN    Uzbekistán
OK     Uzbekistán identity=validated extract=pdftotext A10=True rates=10.0
RUN    Velká Británie (Spojené království Velké Británie a Severního Irska)
OK     Velká Británie (Spojené království Velké Británie a Severního Irska) identity=validated extract=pypdf A10=True rates=5.0|15.0
RUN    Venezuela
OK     Venezuela identity=validated extract=pypdf A10=True rates=5.0|15.0
RUN    Vietnam
OK     Vietnam identity=validated extract=pypdf A10=True rates=10.0
RUN    Ázerbájdžán
OK     Ázerbájdžán identity=validated extract=pdftotext A10=True rates=8.0
RUN    Írán
OK     Írán identity=validated extract=ocr A10=True rates=
RUN    Černá Hora
FAILED Černá Hora identity=rejected extract= A10= rates=
RUN    Čína
OK     Čína identity=validated extract=ocr A10=True rates=5.0|10.0
RUN    Řecko
OK     Řecko identity=validated extract=ocr A10=True rates=
RUN    Španělsko
OK     Španělsko identity=validated extract=ocr A10=True rates=5.0|15.0
RUN    Švédsko
OK     Švédsko identity=validated extract=ocr A10=True rates=
RUN    Švýcarsko
OK     Švýcarsko identity=validated extract=pypdf A10=True rates=5.0|15.0

Treaties: 100
Parsed successfully: 93
Failed: 7
Report: reports/treaty_extraction_benchmark.csv
